$ ansible all -i hosts -m ping

xxx.xx.xxx.xxx | SUCCESS => {
    "changed": false, 
    "ping": "pong"
}


$ ansible all -a "df -h" -i hosts
xxx.xx.xxx.xxx | CHANGED | rc=0 >>
Filesystem      Size  Used Avail Use% Mounted on
/dev/vda4        96G  1.5G   95G   2% /
devtmpfs        488M     0  488M   0% /dev
tmpfs           497M     0  497M   0% /dev/shm
tmpfs           497M   13M  484M   3% /run
tmpfs           497M     0  497M   0% /sys/fs/cgroup
/dev/vda2       497M  133M  364M  27% /boot
tmpfs           100M     0  100M   0% /run/user/0


$ ansible-playbook -i hosts 01_debug_only.yml
PLAY [web] *********************************************************************
TASK [Gathering Facts] *********************************************************
ok: [xxx.xx.xxx.xxx]
TASK [debug] *******************************************************************
ok: [xxx.xx.xxx.xxx] => {
    "msg": "Hello Sakura!"
}

PLAY RECAP *********************************************************************
xxx.xx.xxx.xxx             : ok=2    changed=0    unreachable=0    failed=0


$ ansible-playbook -i hosts 02_debug_only_vars.yml

PLAY [web] ********************************************************************************************************
TASK [Gathering Facts] ********************************************************************************************ok: [xxx.xx.xxx.xxx]

TASK [output-message] *********************************************************************************************ok: [xxx.xx.xxx.xxx] => {
    "msg": "Hello Sakura!"
}

PLAY RECAP ********************************************************************************************************xxx.xx.xxx.xxx             : ok=2    changed=0    unreachable=0    failed=0


$ ansible-playbook -i hosts 03_yum_update.yml

PLAY [web] ***********************************************************************************************************************************************
TASK [Gathering Facts] ***********************************************************************************************************************************ok: [xxx.xx.xxx.xxx]

TASK [upgrade all packages] ******************************************************************************************************************************changed: [xxx.xx.xxx.xxx]

PLAY RECAP ***********************************************************************************************************************************************xxx.xx.xxx.xxx             : ok=2    changed=1    unreachable=0    failed=0


$ ansible-playbook -i hosts 04_mkdir_vars.yml

PLAY [web] ***********************************************************************************************************************************************
TASK [Gathering Facts] ***********************************************************************************************************************************ok: [xxx.xx.xxx.xxx]

TASK [mkdir] *********************************************************************************************************************************************changed: [xxx.xx.xxx.xxx] => (item={u'owner': u'root', u'path': u'/opt/ansible', u'group': u'root', u'mode': u'0755'})

PLAY RECAP ***********************************************************************************************************************************************xxx.xx.xxx.xxx             : ok=2    changed=1    unreachable=0    failed=0


$ ansible-playbook -i hosts 05_cp_template.yml

PLAY [web] ***********************************************************************************************************************************************
TASK [Gathering Facts] ***********************************************************************************************************************************ok: [xxx.xx.xxx.xxx]

TASK [copy template files] *******************************************************************************************************************************changed: [xxx.xx.xxx.xxx]

PLAY RECAP ***********************************************************************************************************************************************xxx.xx.xxx.xxx             : ok=2    changed=1    unreachable=0    failed=0